// Jest Snapshot v1, https://goo.gl/fbAQLP

exports[`matches snapshot 1`] = `
<DocumentFragment>
  <div
    class="text-center container"
  >
    <h1>
      Loading...
    </h1>
  </div>
</DocumentFragment>
`;
