// Jest Snapshot v1, https://goo.gl/fbAQLP

exports[`matches snapshot 1`] = `
<DocumentFragment>
  <div
    class="mb-3 card"
  >
    <div
      class="card-body"
    >
      <div
        class="card-title h5"
      >
        demo title
      </div>
      <p
        class="card-text"
      >
        demo type
      </p>
    </div>
  </div>
</DocumentFragment>
`;
