// Jest Snapshot v1, https://goo.gl/fbAQLP

exports[`matches snapshot 1`] = `
<DocumentFragment>
  <div
    class="UpdateEventForm container"
  >
    <h5>
      Select a location on the map
    </h5>
    <form
      class=""
    >
      <div
        class="justify-content-center row"
      >
        <div
          class="col-8"
        >
          <div
            class=""
          >
            <div
              class="mb-3 form-floating"
            >
              <input
                class="form-control"
                id="title"
                name="title"
                placeholder="Title"
                value="demo title"
              />
              <label>
                Title
              </label>
            </div>
          </div>
          <div
            class=""
          >
            <div
              class="form-floating"
            >
              <select
                class="form-select"
                id="type"
                name="type"
              >
                <option>
                  concert
                </option>
                <option>
                  dance
                </option>
                <option>
                  something else
                </option>
              </select>
              <label>
                Type
              </label>
            </div>
          </div>
          <button
            class="btn-primary mt-2 btn btn-primary"
            type="submit"
          >
            Submit
          </button>
        </div>
      </div>
    </form>
  </div>
</DocumentFragment>
`;
